Connection established with peer
Peer failed to send requested data
