1. 3cf007c14ded16ab85d168fcf9d9b20e, btide_test1/pkg1.data : INCOMPLETE
Identifier provided does not match managed packages
1. 3cf007c14ded16ab85d168fcf9d9b20e, btide_test1/pkg1.data : INCOMPLETE
Package has been removed
No packages managed
