Connection established with peer
Unable to request chunk, chunk hash does not belong to package
