Not connected to any peers
Connection established with peer
Connected to:

1. 127.0.0.1:9856
Disconnected from peer
Not connected to any peers
