Unable to request chunk, package is not managed
Connection established with peer
Failed to create file 'btide_test1/btide_test1/pkg1.data'
Unable to request chunk, package is not managed
