Connection established with peer
Already connected to peer
Connected to:

1. 127.0.0.1:9856
